{
  "annotations": {
    "title": "List repository contributors",
    "readOnlyHint": true
  },
  "description": "Get list of contributors for a GitHub repository. Returns at least 30 results per page by default, but can return more if specified using the perPage parameter (up to 100).",
  "inputSchema": {
    "properties": {
      "owner": {
        "description": "Repository owner",
        "type": "string"
      },
      "page": {
        "description": "Page number for pagination (min 1)",
        "minimum": 1,
        "type": "number"
      },
      "perPage": {
        "description": "Results per page for pagination (min 1, max 100)",
        "maximum": 100,
        "minimum": 1,
        "type": "number"
      },
      "repo": {
        "description": "Repository name",
        "type": "string"
      }
    },
    "required": [
      "owner",
      "repo"
    ],
    "type": "object"
  },
  "name": "list_repository_contributors"
}