{
  "annotations": {
    "title": "List starred repositories",
    "readOnlyHint": true
  },
  "description": "List repositories that a user has starred on GitHub. Returns at least 30 results per page by default, but can return more if specified using the perPage parameter (up to 100).",
  "inputSchema": {
    "properties": {
      "direction": {
        "description": "Direction to sort repositories. Can be 'asc' or 'desc'. Default is 'desc'.",
        "enum": [
          "asc",
          "desc"
        ],
        "type": "string"
      },
      "page": {
        "description": "Page number for pagination (min 1)",
        "minimum": 1,
        "type": "number"
      },
      "perPage": {
        "description": "Results per page for pagination (min 1, max 100)",
        "maximum": 100,
        "minimum": 1,
        "type": "number"
      },
      "sort": {
        "description": "Sort order for repositories. Can be 'created' (when the repository was starred) or 'updated' (when the repository was last pushed to). Default is 'created'.",
        "enum": [
          "created",
          "updated"
        ],
        "type": "string"
      },
      "username": {
        "description": "GitHub username of the user whose starred repositories to list",
        "type": "string"
      }
    },
    "required": [
      "username"
    ],
    "type": "object"
  },
  "name": "list_starred_repositories"
}